true
true
true
Users in the social media platform:
2, Hasan
3, Ali
4, Veli

true
true
true
false
false
false
false
false
false
Users in the social media platform:
1, Huseyin
2, Hasan
3, Ali
4, Veli
5, Ferit
6, Burak

