Users in the social media platform:
None

true
true
true
false
true
true
true
false
false
true

Users in the social media platform:
1, Gamer
2, Eater Man
3, Lonely Artist
4, Cyborg
6, Sportsman

true
true
true
true
false
true
true
true
true
false
false
true
true
false

false
true
true

Users in the social media platform:
2, Eater Man
4, Cyborg
6, Sportsman

Cannot show. There is no user with ID 1.

Users following the user with ID 2:
4, Cyborg

Cannot show. There is no user with ID 3.

Users following the user with ID 4:
2, Eater Man

Cannot show. There is no user with ID 5.

Users following the user with ID 6:
2, Eater Man
4, Cyborg

Cannot show. There is no user with ID 10.

