true
true
true
true
Users in the social media platform:
-4, Mert
3, Hatice
5, Ferhat
8, Selin

true
Users in the social media platform:
-4, Mert
5, Ferhat
8, Selin

true
Users in the social media platform:
5, Ferhat
8, Selin

true
Users in the social media platform:
5, Ferhat

true
Users in the social media platform:
None

