-2
-16
260

3
7
58

4
6
52

5
5
50

-3
-4
25

7
3
58

1
-9
82

12
8
208

-1
1
2

34
-118
15080

