Distance from node 0 to node 0 is 0.
Number of connected components is: 1
Nodes in the connected component with centroid 0 is:
0 
Centroid node of the connected component containing the node 0 is: node 0
